Error: no supported migration path for schema version 18446744073709551615
