error: one or more required arguments were not provided
