https://www.foomail.com quux ASecretPassword
https://www.bazbank.com quux AnotherSecretPassword
https://www.barphone.com quux YetAnotherSecretPassword
