2023-06-12T08:13:45.171872642Z 4de5e12a13844ff0685b2bd51381c5501ea69b6d 371C136C https://www.foomail.com quux ASecretPassword
2023-06-12T08:14:19.928402975Z f06933b9b5d7dafc2ed65e7f6f629e8b72e3295e 371C136C https://www.bazbank.com quux AnotherSecretPassword
2023-06-12T08:16:30.985240519Z 39d8363eda9253a779c7719997b1a2656af19af7 371C136C https://www.barphone.com quux YetAnotherSecretPassword
2024-04-29T20:46:16.070012530Z 749e84d652be5dc7240833fe901b30e89946881d 371C136C https://www.foomail.com altquux ThisIsMyAltPassword
