https://www.foomail.com quux ASecretPassword
https://www.foomail.com altquux ThisIsMyAltPassword
