Import entries from JSON file

Usage: ananke[EXE] import <FILE>

Arguments:
  <FILE>  file to import from

Options:
  -h, --help  Print help
