A password manager

Usage: ananke[EXE] <COMMAND>

Commands:
  add        Add an entry
  lookup     Lookup an entry
  modify     Modify an entry
  remove     Remove an entry
  import     Import entries from JSON file
  export     Export entries to JSON file
  configure  Create, modify, and list configuration
  help       Print this message or the help of the given subcommand(s)

Options:
  -h, --help     Print help
  -V, --version  Print version
