Modify an entry

Usage: ananke[EXE] modify [OPTIONS]

Options:
  -d, --description <DESCRIPTION>  URL or description
  -e, --entry-id <ENTRYID>         Entry ID
  -p, --plaintext                  prompt for plaintext
  -i, --identity <IDENTITY>        username or email address
  -m, --meta <METADATA>            additional metadata
  -h, --help                       Print help
